../Core/Src/main.c:75:6:delay	16	static
../Core/Src/main.c:79:6:printOut	16	static
../Core/Src/main.c:85:6:printOutLine	16	static
../Core/Src/main.c:90:6:receiveUserInput	16	static
../Core/Src/main.c:108:6:sentMessage	16	static
../Core/Src/main.c:115:6:inputName	8	static
../Core/Src/main.c:126:6:checkCoUserIsReady	112	static
../Core/Src/main.c:134:6:checkQuitStatus	16	static
../Core/Src/main.c:142:6:userInputText	112	static
../Core/Src/main.c:149:6:showReceivedMessage	208	static
../Core/Src/main.c:158:6:HAL_UART_RxCpltCallback	16	static
../Core/Src/main.c:186:6:HAL_UART_TxCpltCallback	16	static
../Core/Src/main.c:197:5:main	56	static
../Core/Src/main.c:267:6:SystemClock_Config	88	static
../Core/Src/main.c:309:6:Error_Handler	4	static,ignoring_inline_asm
