15:22:07 **** Incremental Build of configuration Debug for project 767_SPI_ILI9341_2 ****
make -j12 all 
arm-none-eabi-gcc "../Core/Src/main.c" -mcpu=cortex-m7 -std=gnu11 -g3 -DDEBUG -DUSE_HAL_DRIVER -DSTM32F767xx -c -I../Core/Inc -I../Drivers/STM32F7xx_HAL_Driver/Inc -I../Drivers/STM32F7xx_HAL_Driver/Inc/Legacy -I../Drivers/CMSIS/Device/ST/STM32F7xx/Include -I../Drivers/CMSIS/Include -I"C:/Users/arin/Documents/MadDocument/workspace/767_SPI_ILI9341_2/Drivers/ILI9341" -O0 -ffunction-sections -fdata-sections -Wall -fstack-usage -fcyclomatic-complexity -MMD -MP -MF"Core/Src/main.d" -MT"Core/Src/main.o" --specs=nano.specs -mfpu=fpv5-d16 -mfloat-abi=hard -mthumb -o "Core/Src/main.o"
../Core/Src/main.c: In function 'my_printf':
../Core/Src/main.c:136:9: warning: implicit declaration of function 'va_start' [-Wimplicit-function-declaration]
  136 |         va_start(argp, fmt);
      |         ^~~~~~~~
../Core/Src/main.c:138:9: warning: implicit declaration of function 'va_end' [-Wimplicit-function-declaration]
  138 |         va_end(argp);
      |         ^~~~~~
../Core/Src/main.c: In function 'main':
../Core/Src/main.c:251:37: warning: format '%x' expects argument of type 'unsigned int *', but argument 3 has type 'uint16_t *' {aka 'short unsigned int *'} [-Wformat=]
  251 |                 sscanf(resultHex, "%x", &h);
      |                                    ~^   ~~
      |                                     |   |
      |                                     |   uint16_t * {aka short unsigned int *}
      |                                     unsigned int *
      |                                    %hx
../Core/Src/main.c:150:17: warning: unused variable 'dataBuffer' [-Wunused-variable]
  150 |         uint8_t dataBuffer[8];
      |                 ^~~~~~~~~~
../Core/Src/main.c:149:17: warning: variable 'cmdBuffer' set but not used [-Wunused-but-set-variable]
  149 |         uint8_t cmdBuffer[3];
      |                 ^~~~~~~~~
../Core/Src/main.c:148:14: warning: unused variable 'str' [-Wunused-variable]
  148 |         char str[100];
      |              ^~~
arm-none-eabi-gcc -o "767_SPI_ILI9341_2.elf" @"objects.list"   -mcpu=cortex-m7 -T"C:\Users\arin\Documents\MadDocument\workspace\767_SPI_ILI9341_2\STM32F767ZITX_FLASH.ld" --specs=nosys.specs -Wl,-Map="767_SPI_ILI9341_2.map" -Wl,--gc-sections -static --specs=nano.specs -mfpu=fpv5-d16 -mfloat-abi=hard -mthumb -u _printf_float -Wl,--start-group -lc -lm -Wl,--end-group
Finished building target: 767_SPI_ILI9341_2.elf
 
arm-none-eabi-size  767_SPI_ILI9341_2.elf 
arm-none-eabi-objdump -h -S 767_SPI_ILI9341_2.elf  > "767_SPI_ILI9341_2.list"
   text	   data	    bss	    dec	    hex	filename
 196680	    480	   2928	 200088	  30d98	767_SPI_ILI9341_2.elf
Finished building: default.size.stdout
 
Finished building: 767_SPI_ILI9341_2.list
 

15:22:08 Build Finished. 0 errors, 6 warnings. (took 1s.159ms)

